// Jest Snapshot v1, https://goo.gl/fbAQLP

exports[`TickerList component renders TickerList as fragment 1`] = `
<DocumentFragment>
  <div
    class="ticker-list"
  >
    <div
      class="ticker"
    >
      <div>
        test name
      </div>
    </div>
    <div
      class="ticker"
    >
      <div>
        test name 2
      </div>
    </div>
  </div>
</DocumentFragment>
`;
